// Jest Snapshot v1, https://goo.gl/fbAQLP

exports[`Partials HTMLRender HTMLRender: content + tag + tagAttr{className, ref} 1`] = `
<div>
  <p
    class="content"
  >
    Content.
  </p>
</div>
`;

exports[`Partials HTMLRender HTMLRender: content + tag + tagAttr{className} 1`] = `
<div>
  <p
    class="content"
  >
    Content.
  </p>
</div>
`;
